ARM GAS  C:\Users\bernd\AppData\Local\Temp\ccPrIu0B.s 			page 1


   1              		.cpu cortex-m4
   2              		.arch armv7e-m
   3              		.fpu fpv4-sp-d16
   4              		.eabi_attribute 27, 1
   5              		.eabi_attribute 28, 1
   6              		.eabi_attribute 20, 1
   7              		.eabi_attribute 21, 1
   8              		.eabi_attribute 23, 3
   9              		.eabi_attribute 24, 1
  10              		.eabi_attribute 25, 1
  11              		.eabi_attribute 26, 1
  12              		.eabi_attribute 30, 1
  13              		.eabi_attribute 34, 1
  14              		.eabi_attribute 18, 4
  15              		.file	"assert_handler.c"
  16              		.text
  17              	.Ltext0:
  18              		.cfi_sections	.debug_frame
  19              		.file 1 "Src/assert_handler.c"
  20              		.section	.text.assert_handler,"ax",%progbits
  21              		.align	1
  22              		.global	assert_handler
  23              		.syntax unified
  24              		.thumb
  25              		.thumb_func
  27              	assert_handler:
  28              	.LFB134:
   1:Src/assert_handler.c **** #include "assert_handler.h"
   2:Src/assert_handler.c **** #include "motor.h"
   3:Src/assert_handler.c **** 
   4:Src/assert_handler.c **** extern TIM_HandleTypeDef htim2;
   5:Src/assert_handler.c **** 
   6:Src/assert_handler.c **** void assert_handler(void){
  29              		.loc 1 6 26 view -0
  30              		.cfi_startproc
  31              		@ Volatile: function does not return.
  32              		@ args = 0, pretend = 0, frame = 0
  33              		@ frame_needed = 0, uses_anonymous_args = 0
  34 0000 08B5     		push	{r3, lr}
  35              		.cfi_def_cfa_offset 8
  36              		.cfi_offset 3, -8
  37              		.cfi_offset 14, -4
   7:Src/assert_handler.c ****     // You can add logging or other actions here
   8:Src/assert_handler.c ****     Motor_full_stop(&htim2);
  38              		.loc 1 8 5 view .LVU1
  39 0002 0648     		ldr	r0, .L4
  40 0004 FFF7FEFF 		bl	Motor_full_stop
  41              	.LVL0:
  42              	.L2:
   9:Src/assert_handler.c ****     while(1){
  43              		.loc 1 9 5 view .LVU2
  10:Src/assert_handler.c ****         HAL_GPIO_TogglePin(GPIOC, GPIO_PIN_13);
  44              		.loc 1 10 9 view .LVU3
  45 0008 4FF40051 		mov	r1, #8192
  46 000c 0448     		ldr	r0, .L4+4
  47 000e FFF7FEFF 		bl	HAL_GPIO_TogglePin
  48              	.LVL1:
ARM GAS  C:\Users\bernd\AppData\Local\Temp\ccPrIu0B.s 			page 2


  11:Src/assert_handler.c ****         HAL_Delay(350);
  49              		.loc 1 11 9 discriminator 1 view .LVU4
  50 0012 4FF4AF70 		mov	r0, #350
  51 0016 FFF7FEFF 		bl	HAL_Delay
  52              	.LVL2:
   9:Src/assert_handler.c ****     while(1){
  53              		.loc 1 9 10 view .LVU5
  54 001a F5E7     		b	.L2
  55              	.L5:
  56              		.align	2
  57              	.L4:
  58 001c 00000000 		.word	htim2
  59 0020 00080240 		.word	1073874944
  60              		.cfi_endproc
  61              	.LFE134:
  63              		.text
  64              	.Letext0:
  65              		.file 2 "C:/Users/bernd/AppData/Roaming/Code/User/globalStorage/bmd.stm32-for-vscode/@xpack-dev-to
  66              		.file 3 "C:/Users/bernd/AppData/Roaming/Code/User/globalStorage/bmd.stm32-for-vscode/@xpack-dev-to
  67              		.file 4 "Drivers/CMSIS/Device/ST/STM32F4xx/Include/stm32f411xe.h"
  68              		.file 5 "Drivers/STM32F4xx_HAL_Driver/Inc/stm32f4xx_hal_def.h"
  69              		.file 6 "Drivers/STM32F4xx_HAL_Driver/Inc/stm32f4xx_hal_dma.h"
  70              		.file 7 "Drivers/STM32F4xx_HAL_Driver/Inc/stm32f4xx_hal_tim.h"
  71              		.file 8 "Drivers/STM32F4xx_HAL_Driver/Inc/stm32f4xx_hal.h"
  72              		.file 9 "Drivers/STM32F4xx_HAL_Driver/Inc/stm32f4xx_hal_gpio.h"
  73              		.file 10 "Inc/motor.h"
ARM GAS  C:\Users\bernd\AppData\Local\Temp\ccPrIu0B.s 			page 3


DEFINED SYMBOLS
                            *ABS*:00000000 assert_handler.c
C:\Users\bernd\AppData\Local\Temp\ccPrIu0B.s:21     .text.assert_handler:00000000 $t
C:\Users\bernd\AppData\Local\Temp\ccPrIu0B.s:27     .text.assert_handler:00000000 assert_handler
C:\Users\bernd\AppData\Local\Temp\ccPrIu0B.s:58     .text.assert_handler:0000001c $d

UNDEFINED SYMBOLS
Motor_full_stop
HAL_GPIO_TogglePin
HAL_Delay
htim2
